﻿
> my-app@2.0.0 build
> vite build

[36mvite v7.3.1 [32mbuilding client environment for production...[36m[39m
transforming...
node.exe : [33m[plugin 
vite:esbuild] 
src/hooks/storeReducer.ts: 
[33mThis case clause will 
never be evaluated because 
it duplicates an earlier 
case clause[33m
At C:\Users\lenovo\AppData\
Roaming\npm\npm.ps1:24 
char:5
+     & "node$exe"  "$based
ir/node_modules/npm/bin/npm
-cli.js" $args
+     ~~~~~~~~~~~~~~~~~~~~~
~~~~~~~~~~~~~~~~~~~~~~~~~~~
~~~~~~~~~~~~~~
    + CategoryInfo         
     : NotSpecified: ([3  
  3m[plugin vi...ase cla   
 use[33m:String) [], R    
emoteException
    + FullyQualifiedErrorI 
   d : NativeCommandError
 
577 |              break;
578 |            }
579 |          case 
'UPDATE_TEST_METHOD':
    |               ^
580 |              db.testM
ethods.put(action.payload);
581 |              break;
[39m
[32mظ£ô[39m 2574 modules transformed.
[31mظ£ù[39m Build failed 
in 14.27s
[31merror during build:
[31m[vite-plugin-pwa:build
] [plugin 
vite-plugin-pwa:build] 
There was an error during 
the build:
  [vite]: Rollup failed to 
resolve import 
"html5-qrcode" from 
"E:/phase 2 professional 
build/update/PharmaQMS-Vue 
25.2.2026/PharmaQMS/app/src
/components/ui/QRScannerDia
log.tsx".
This is most likely 
unintended because it can 
break your application at 
runtime.
If you do want to 
externalize this module 
explicitly add it to
`build.rollupOptions.extern
al`
Additionally, handling the 
error in the 'buildEnd' 
hook caused the following 
error:
  [vite]: Rollup failed to 
resolve import 
"html5-qrcode" from 
"E:/phase 2 professional 
build/update/PharmaQMS-Vue 
25.2.2026/PharmaQMS/app/src
/components/ui/QRScannerDia
log.tsx".
This is most likely 
unintended because it can 
break your application at 
runtime.
If you do want to 
externalize this module 
explicitly add it to
`build.rollupOptions.extern
al`[31m
    at getRollupError (file
:///E:/phase%202%20professi
onal%20build/update/PharmaQ
MS-Vue%2025.2.2026/PharmaQM
S/app/node_modules/rollup/d
ist/es/shared/parseAst.js:4
06:41)
    at file:///E:/phase%202
%20professional%20build/upd
ate/PharmaQMS-Vue%2025.2.20
26/PharmaQMS/app/node_modul
es/rollup/dist/es/shared/no
de-entry.js:23863:39
    at async 
catchUnfinishedHookActions 
(file:///E:/phase%202%20pro
fessional%20build/update/Ph
armaQMS-Vue%2025.2.2026/Pha
rmaQMS/app/node_modules/rol
lup/dist/es/shared/node-ent
ry.js:23321:16)
    at async 
rollupInternal (file:///E:/
phase%202%20professional%20
build/update/PharmaQMS-Vue%
2025.2.2026/PharmaQMS/app/n
ode_modules/rollup/dist/es/
shared/node-entry.js:23846:
5)
    at async 
buildEnvironment (file:///E
:/phase%202%20professional%
20build/update/PharmaQMS-Vu
e%2025.2.2026/PharmaQMS/app
/node_modules/vite/dist/nod
e/chunks/config.js:33541:12
)
    at async Object.build (
file:///E:/phase%202%20prof
essional%20build/update/Pha
rmaQMS-Vue%2025.2.2026/Phar
maQMS/app/node_modules/vite
/dist/node/chunks/config.js
:33900:19)
    at async 
Object.buildApp (file:///E:
/phase%202%20professional%2
0build/update/PharmaQMS-Vue
%2025.2.2026/PharmaQMS/app/
node_modules/vite/dist/node
/chunks/config.js:33897:153
)
    at async 
CAC.<anonymous> (file:///E:
/phase%202%20professional%2
0build/update/PharmaQMS-Vue
%2025.2.2026/PharmaQMS/app/
node_modules/vite/dist/node
/cli.js:629:3)[39m
